src/app/workspace/page.tsx(4,29): error TS2307: Cannot find module '@/components/workspace/ThumbnailStudio' or its corresponding type declarations.
src/components/creator/CreatorAIStudio.tsx(3,15): error TS2459: Module '"@/services/brain/Mission"' declares 'Mission' locally, but it is not exported.
src/services/agents/CaptionAgent.ts(2,33): error TS2307: Cannot find module '@/services/ai/captionGenerator' or its corresponding type declarations.
src/services/agents/TitleAgent.ts(2,31): error TS2307: Cannot find module '@/services/ai/titleGenerator' or its corresponding type declarations.
src/services/ai/generateCaption.ts(7,10): error TS2305: Module '"./AIRouter"' has no exported member 'runAIRouter'.
src/services/ai/generateHashtags.ts(7,10): error TS2305: Module '"./AIRouter"' has no exported member 'runAIRouter'.
src/services/ai/generateHook.ts(7,10): error TS2305: Module '"./AIRouter"' has no exported member 'runAIRouter'.
src/services/ai/generateTitle.ts(6,10): error TS2724: '"./AIProvider"' has no exported member named 'aiProvider'. Did you mean 'runAIProvider'?
src/services/ai/intelligence/AIIntelligence.ts(8,27): error TS2306: File 'C:/Users/HP USER/Desktop/ViralClipAI/frontend/src/services/ai/intelligence/detectCTA.ts' is not a module.
src/services/ai/intelligence/AIIntelligence.ts(11,42): error TS2306: File 'C:/Users/HP USER/Desktop/ViralClipAI/frontend/src/services/ai/intelligence/estimateViralProbability.ts' is not a module.
src/services/ai/intelligence/index.ts(13,15): error TS2306: File 'C:/Users/HP USER/Desktop/ViralClipAI/frontend/src/services/ai/intelligence/detectCTA.ts' is not a module.
src/services/ai/intelligence/index.ts(17,15): error TS2306: File 'C:/Users/HP USER/Desktop/ViralClipAI/frontend/src/services/ai/intelligence/estimateViralProbability.ts' is not a module.
src/services/aiService.ts(9,8): error TS2307: Cannot find module '../ai' or its corresponding type declarations.
src/services/brain/AIBrain.ts(1,10): error TS2459: Module '"./Mission"' declares 'Mission' locally, but it is not exported.
src/services/brain/Mission.ts(1,15): error TS2303: Circular definition of import alias 'Mission'.
src/services/brain/Mission.ts(1,15): error TS2459: Module '"./Mission"' declares 'Mission' locally, but it is not exported.
src/services/brain/MissionQueue.ts(1,10): error TS2459: Module '"./Mission"' declares 'Mission' locally, but it is not exported.
src/services/brain/MissionRunner.ts(3,15): error TS2459: Module '"./Mission"' declares 'Mission' locally, but it is not exported.
src/services/director/AutonomousDirector.ts(1,15): error TS2459: Module '"@/services/brain/Mission"' declares 'Mission' locally, but it is not exported.
src/services/director/index.ts(1,15): error TS2459: Module '"@/services/brain/Mission"' declares 'Mission' locally, but it is not exported.
src/services/director/MissionRouter.ts(4,15): error TS2459: Module '"@/services/brain/Mission"' declares 'Mission' locally, but it is not exported.
src/services/orchestrator/ViralProcessingEngine.ts(1,15): error TS2459: Module '"@/services/brain/Mission"' declares 'Mission' locally, but it is not exported.
